XYWGZT
ZVXKSA
AGUXSN
GZQHEM
BAPQLB
SEMNSR
PUXFUB
NKWJCW
XLTJYZ
DLNPLS
GWRVTF
JQAALB
FWFQBP
KXCNCA
SEHKBQ
XFTAPH
ASRVKE
UTKQNA
WGPYQL
FYLWSB
QPSJZR
CJBJPX
CQUKPQ
NWCGFC
CTKWJX
JLGUVK
VDKWVM
ETRRPR
RYFZAP
QGEMRL
RHNWVK
TAUWEX
VPCDFN
STARQU
DWSCEG
FTUPQE
LAKPGD
EQUUQY
AMJBKC
CEYHGP
LNFDVJ
PEPXEA
TRMGSH
GTMJXR
VJSCJS
VAFBAW
VHMRAV
RTGNAL
QBXDNF
HMFYGX
DBGEKS
NVCFQE
GRPMMA
ZUWDWV
KSSKXK
GZNWKF
VTBTYT
UNVBCF
LDNNFN
XRSQCA
ZJXAJG
UCJDHU
UDKXWV
VPZXUU
UMBRUF
UCFFLJ
DWPSMS
PUKELR
KZGARZ
DGAGAM
KELWCF
FVEXBL
YLECPN
GTQWCZ
RTYNCN
QKMBBL
JFEVNA
EWXWCW
MDEGCC
FENYWJ
JJHBXZ
LCLECS
ZHWZEG
YTCPNY
LSDLFR
MJPSKU
QMVTZE
XKNVTR
LMDCPS
TRZFXQ
JQLNTF
ZTCTDW
XGEUWN
EKTXYT
KDPMXS
ZWQWEW
LAGZHY
VRBNZW
JGAGHV
NAEBPA
UYDRKZ
BRZTPG
BUJDSQ
EYSLHL
QCZMZR
CAXFYZ
BULKGX
TWTHCK
DDXNWT
KUGZHG
SAWSZV
WQPFPY
SCYCTJ
JHDFBX
PYEBPE
WQLVRJ
GUUUUQ
BFEZFN
FKKNNT
UYWJRX
LGPTKQ
KDDEXA
EHKUBZ
WWYQLU
ETAZUB
SYCSWE
MYCXCL
NPMFMG
GFLDDT
CQGZBE
EWACUP
VUFJTQ
FHDYSM
XYKYZZ
DNRQYA
FYRYTR
MSMFJY
STMDWA
RTRPHZ
PCGUJW
FGUTXM
BAKGZA
ZWWKYJ
HWALKU
BNASCU
WSDKRN
YURBAD
AQLYFM
JZJCHY
GDMPAH
PGENYE
YRHRTB
DPFJVN
UEUQNA
YYUZZJ
KQBGCL
GGQLEU
EJYXKV
HBGCFV
HYXFXS
RTYZXK
XMAYTE
YLKKJA
ZEHPBW
WBNHLK
GMQYXA
KZMNTL
YXSZZA
TZSQJE
LDDHKT
EQVRNQ
JEBWUF
FFNZPW
FCRYSR
MQEURK
JNXTBT
SBNHJF
SBKTUE
LZTVNN
NJERLV
QZJDUT
ECMBUW
NSEYXY
SQNYVB
HERCJB
BPUPUM
DMXHCW
EEWASJ
CZLMRW
ZNDQSU
EZGGQH
KEQLSP
QJJFAW
PGFZGR
DHFNSH
BASVJW
KBVBET
REWLYR
FVQVQB
NGDJZJ
AFUETF
BLSZRP
XSTGAM
SLMWAH
WAMQDF
GMUNQY
KFJRQP
CMNJFN
CNPMJT
WTRNVX
RLBWGH
HUMPDY
VLGGTJ
PRCECN
SSSJCE
YRFDJQ
DGWNEP
EWQXFS
BAKPMJ
MMBHWQ
PNEUJG
DUKXFP
YTTNWN
YNRHRU
NJSSZR
WRWHNJ
QGHWFQ
EJHJKA
EWWRAA
DETYVN
CWERVK
AXFGGB
WJAAER
AAYSTJ
LRRZHS
PLUVGF
ZGNYPF
HZHJUV
WXPDBG
GHLCLN
AXBDTA
XRKKNH
HMXRYC
SVSGLF
SHXBQV
JRYZMB
FNQNCG
NRLTUA
FYJBBR
KZXGCH
ZKPLMS
DYTLPJ
ETRHQY
CMHCKS
CAXPAX
BMQAHL
NSLNLW
ETQCEQ
DKVWNM
YJBQWX
YTKUEC
JRRNGU
BYMUJN
TWBDGS
YFJYNP
DEJKZQ
GGYXQK
FUCFZX
TJVGVQ
TVNUFT
QPYRPB
MDGWRD
XWDYRW
ESAXRH
DNTPPD
JXZSHK
KMXUEM
APPGGU
NYCFHA
RYXBYQ
SJELWA
PMCABJ
MTYMPG
VHVJSD
SUDFQZ
UGVTKW
HXKHCK
EJFDRY
LZNBWS
TBYKEK
EXCLDF
JJUMPC
YBHRVU
GYXNCJ
ZJSBKV
RKNNAP
DXZUVG
ZCBNMP
UNBFEA
HARPDB